<?xml version="1.0" encoding="utf-8"?><testsuites><testsuite name="pytest" errors="0" failures="0" skipped="0" tests="9" time="0.509" timestamp="2025-11-05T03:07:37.432216" hostname="saidul"><testcase classname="tests.unit.test_basic.TestBasicFunctionality" name="test_python_version" time="0.000" /><testcase classname="tests.unit.test_basic.TestBasicFunctionality" name="test_import_basic_modules" time="0.000" /><testcase classname="tests.unit.test_basic.TestBasicFunctionality" name="test_project_structure" time="0.000" /><testcase classname="tests.unit.test_basic.TestBasicFunctionality" name="test_requirements_file_exists" time="0.000" /><testcase classname="tests.unit.test_basic.TestDataEngineeringComponents" name="test_can_import_pandas" time="0.227" /><testcase classname="tests.unit.test_basic.TestDataEngineeringComponents" name="test_can_import_sqlalchemy" time="0.102" /><testcase classname="tests.unit.test_basic.TestDataEngineeringComponents" name="test_can_import_fastapi" time="0.157" /><testcase classname="tests.unit.test_basic.TestConfigurationFiles" name="test_docker_compose_exists" time="0.000" /><testcase classname="tests.unit.test_basic.TestConfigurationFiles" name="test_readme_exists_and_has_content" time="0.000" /></testsuite></testsuites>